
> pitchpilot@0.1.0 build
> next build

node.exe : ΓÜá Warning: Next.js inferred your 
workspace root, but it may not be correct.
At line:1 char:1
+ & "C:\Program Files\nodejs/node.exe" 
"C:\Program Files\nodejs/node_mo ...
+ ~~~~~~~~~~~~~~~~~~~~~~~~~~~~~~~~~~~~~~~~~~~~~~
~~~~~~~~~~~~~~~~~~~~~~~
    + CategoryInfo          : NotSpecified: (ΓÜ 
   á Warning: Ne...not be correct.:String) [],  
   RemoteException
    + FullyQualifiedErrorId : NativeCommandErro 
   r
 
 We detected multiple lockfiles and selected 
the directory of C:\Users\Vikash 
Meena\package-lock.json as the root directory.
 To silence this warning, set `turbopack.root` 
in your Next.js config, or consider removing 
one of the lockfiles if it's not needed.
   See https://nextjs.org/docs/app/api-reference
/config/next-config-js/turbopack#root-directory 
for more information.
 Detected additional lockfiles: 
   * C:\Users\Vikash Meena\Desktop\Automations\1
9-PitchPilot\pitchpilot\package-lock.json

Γû▓ Next.js 16.2.2 (Turbopack)
- Environments: .env.local

ΓÜá The "middleware" file convention is 
deprecated. Please use "proxy" instead. Learn 
more: https://nextjs.org/docs/messages/middlewar
e-to-proxy
  Creating an optimized production build ...

> Build error occurred
Error: Turbopack build failed with 1 errors:
./Desktop/Automations/19-PitchPilot/pitchpilot/s
rc/lib/actions/ab-testing.ts:64:17
Server Actions must be async functions.
  [90m62 |[0m
  [90m63 |[0m [90m// ΓöÇΓöÇ Get variant for 
a prospect (deterministic assignment) ΓöÇΓöÇ[0m
[31m[1m>[0m [90m64 |[0m [36mexport[0m 
[36mfunction[0m getABVariant(prospectId: 
string): [32m"A"[0m | [32m"B"[0m {
  [90m   |[0m                 
[31m[1m^^^^^^^^^^^^[0m
  [90m65 |[0m   [90m// Simple hash-based 
assignment for deterministic split[0m
  [90m66 |[0m   [36mlet[0m hash = 
[35m0[0m;
  [90m67 |[0m   [36mfor[0m ([36mlet[0m i 
= [35m0[0m; i < prospectId.length; i++) {

Ecmascript file had an error

Import trace:
  App Route:
    ./Desktop/Automations/19-PitchPilot/pitchpil
ot/src/lib/actions/ab-testing.ts
    ./Desktop/Automations/19-PitchPilot/pitchpil
ot/src/app/api/cron/step-sequences/route.ts


    at <unknown> (./Desktop/Automations/19-Pitch
Pilot/pitchpilot/src/lib/actions/ab-testing.ts:6
4:17)
